EN asignar NULL C:/Xilinx/simulaAlu/Prueba.vhd sub00/vhpl02 1655910436
AR ejercicioalu behavioral C:/Xilinx/simulaAlu/EjercicioAlu.vhd sub00/vhpl05 1655911266
EN alu_test NULL C:/Xilinx/simulaAlu/Alu_text.vhd sub00/vhpl03 1655911267
EN ejercicioalu NULL C:/Xilinx/simulaAlu/EjercicioAlu.vhd sub00/vhpl04 1655911265
AR alu behavioral C:/Xilinx/simulaAlu/Alu.vhd sub00/vhpl01 1655910435
EN alu NULL C:/Xilinx/simulaAlu/Alu.vhd sub00/vhpl00 1655910434
